[2026-07-29 16:31:27] Введите название процесса и нажмите 'Начать'.
[2026-07-29 16:31:28] 🔄 Список процессов обновлён.
[2026-07-29 16:32:34] Введите название процесса и нажмите 'Начать'.
[2026-07-29 16:32:35] 🔄 Список процессов обновлён.
[2026-07-29 16:32:44] ℹ️ Найден статус EXIT — автозапуск блокировок пропущен.
[2026-07-29 16:33:15] 🚪 Начинаем процедуру выхода...
[2026-07-29 16:33:15] 🛑 Останавливаем фоновые потоки...
[2026-07-29 16:33:17] ✅ Потоки остановлены
[2026-07-29 16:33:17] ℹ️ Список заблокированных сайтов пуст
[2026-07-29 16:33:17] 📝 EXIT записан в config.json
[2026-07-29 16:33:17] 🧨 Завершаем AppBlockerGuard...
[2026-07-29 16:33:17] 🧹 config.json сохранён, чтобы не терять настройки защиты
[2026-07-29 16:33:17] 🧹 config.exit.lock удалён
[2026-07-29 16:33:17] 🧹 Удаляем из автозагрузки...
[2026-07-29 16:33:17] ℹ️ Записи не найдены
[2026-07-29 16:33:17] 👋 Завершение работы...
[2026-07-30 00:32:53] 🔄 Список процессов обновлён.
[2026-07-30 00:34:29] 🔄 Список процессов обновлён.
[2026-07-30 00:37:34] 🔄 Список процессов обновлён.
[2026-07-30 00:39:01] 🔄 Список процессов обновлён.
[2026-07-30 00:49:37] 🔄 Список процессов обновлён.
[2026-07-30 01:02:40] 🧹 История статистики очищена.
[2026-07-30 01:05:59] 🧹 История статистики очищена.
[2026-07-30 01:07:23] 🧹 История статистики очищена.
[2026-07-30 01:09:00] 🧹 История статистики очищена.
[2026-07-30 01:10:43] 🧹 История статистики очищена.
[2026-07-30 01:41:25] ⏳ Мягкая блокировка: steam.exe — отсчёт 60 с
[2026-07-30 01:43:07] ⏳ Мягкая блокировка: steam.exe — отсчёт 60 с
[2026-07-30 01:51:53] ⏳ Мягкая блокировка: steam.exe — отсчёт 60 с
[2026-07-30 01:59:54] 🔄 Список процессов обновлён.
[2026-07-30 02:01:23] 🔄 Список процессов обновлён.
[2026-07-30 02:03:09] 🔄 Список процессов обновлён.
[2026-07-30 02:04:34] ⏳ Мягкая блокировка: steam.exe — отсчёт 60 с
[2026-07-30 02:51:03] 🔄 Список процессов обновлён.
[2026-07-30 02:51:53] ⏳ Мягкая блокировка: steam.exe — отсчёт 60 с
[2026-07-30 02:57:47] 🔄 Список процессов обновлён.
[2026-07-30 02:58:27] 🔄 Список процессов обновлён.
[2026-07-30 03:00:04] ⏳ Мягкая блокировка: steam.exe — отсчёт 60 с
[2026-07-30 03:00:08] 🔄 Список процессов обновлён.
[2026-07-30 03:00:43] 🔄 Список процессов обновлён.
[2026-07-30 03:01:43] 🔄 Список процессов обновлён.
[2026-07-30 03:03:50] 🔄 Список процессов обновлён.
[2026-07-30 03:04:57] 🔄 Список процессов обновлён.
[2026-07-30 03:07:03] 🔄 Список процессов обновлён.
[2026-07-30 03:07:13] 🔄 Список процессов обновлён.
[2026-07-30 03:09:35] 🔄 Список процессов обновлён.
[2026-07-30 03:10:10] 🔄 Список процессов обновлён.
[2026-07-30 03:16:42] 🔄 Список процессов обновлён.
[2026-07-30 03:17:25] 🔄 Список процессов обновлён.
[2026-07-30 03:17:35] 🔄 Список процессов обновлён.
[2026-07-30 03:20:03] 🔄 Список процессов обновлён.
[2026-07-30 03:20:50] 🔄 Список процессов обновлён.
[2026-07-30 03:20:58] 🔄 Список процессов обновлён.
[2026-07-30 03:50:35] 🔄 Список процессов обновлён.
[2026-07-30 03:52:34] 🔄 Список процессов обновлён.
[2026-07-30 03:53:28] 🔄 Список процессов обновлён.
[2026-07-30 03:54:37] 🔄 Список процессов обновлён.
[2026-07-30 03:55:42] 🔄 Список процессов обновлён.
[2026-07-30 03:56:21] 🔄 Список процессов обновлён.
[2026-07-30 03:57:31] 🔄 Список процессов обновлён.
[2026-07-30 04:01:57] 🔄 Список процессов обновлён.
[2026-07-30 04:02:04] 🔄 Список процессов обновлён.
[2026-07-30 04:03:24] 📌 Окно скрыто в трей.
[2026-07-30 04:31:01] 🔄 Список процессов обновлён.
[2026-07-30 04:31:01] 🔄 Process list refreshed.
[2026-07-30 04:31:01] 🔄 Список процессов обновлён.
[2026-07-30 04:32:01] Введите название процесса и нажмите 'Начать'.
[2026-07-30 04:32:01] 🔄 Список процессов обновлён.
[2026-07-30 04:33:37] Введите название процесса и нажмите 'Начать'.
[2026-07-30 04:33:37] 🔄 Список процессов обновлён.
[2026-07-30 04:34:29] Введите название процесса и нажмите 'Начать'.
[2026-07-30 04:34:30] 🔄 Список процессов обновлён.
[2026-07-30 04:36:13] 🔄 Список процессов обновлён.
[2026-07-30 04:41:07] 🔄 Список процессов обновлён.
[2026-07-30 04:41:07] 🔄 Process list refreshed.
[2026-07-30 04:41:07] 🔄 Список процессов обновлён.
[2026-07-30 04:41:28] 🔄 Список процессов обновлён.
[2026-07-30 04:41:28] 🔄 Process list refreshed.
[2026-07-30 04:41:28] 🔄 Список процессов обновлён.
[2026-07-30 04:41:42] 🔄 Список процессов обновлён.
[2026-07-30 04:43:43] 🔄 Список процессов обновлён.
[2026-07-30 04:45:09] 🔄 Список процессов обновлён.
[2026-07-30 04:45:13] ✅ armourycrate.service.exe добавлен в список блокировки.
[2026-07-30 04:45:13] 🔄 Список процессов обновлён.
[2026-07-30 04:45:15] 🔄 Список процессов обновлён.
[2026-07-30 04:45:15] 🔀 Режим блокировки: Белый список
[2026-07-30 04:45:17] 🔄 Process list refreshed.
[2026-07-30 04:45:18] 🔄 Список процессов обновлён.
[2026-07-30 04:45:20] 🔄 Список процессов обновлён.
[2026-07-30 04:45:20] 🗑️ armourycrate.service.exe удалён из списка блокировки.
[2026-07-30 04:45:22] ⚡ Мягкая блокировка выключена — закрытие мгновенное.
[2026-07-30 04:45:23] ⏳ Мягкая блокировка включена: задержка 60 с
[2026-07-30 04:45:23] ⏳ Таймер включён ⏳
[2026-07-30 04:45:24] ⏳ Таймер отключён ❌
[2026-07-30 04:48:42] Введите название процесса и нажмите 'Начать'.
[2026-07-30 04:48:43] 🔄 Список процессов обновлён.
[2026-07-30 04:50:35] 🔄 Список процессов обновлён.
[2026-07-30 04:50:35] 🔄 Process list refreshed.
[2026-07-30 04:50:35] 🔄 Список процессов обновлён.
[2026-07-30 04:51:23] Введите название процесса и нажмите 'Начать'.
[2026-07-30 04:51:24] 🔄 Список процессов обновлён.
[2026-07-30 04:57:43] Введите название процесса и нажмите 'Начать'.
[2026-07-30 04:57:43] 🔄 Список процессов обновлён.
[2026-07-30 05:06:19] 🔄 Список процессов обновлён.
[2026-07-30 05:06:24] 📌 Окно скрыто в трей.
[2026-07-30 05:26:15] 📌 Окно скрыто в трей.
[2026-07-30 05:32:05] 📌 Окно скрыто в трей.
[2026-07-30 06:01:32] ⏳ Мягкая блокировка: steam.exe — отсчёт 60 с
[2026-07-30 06:01:33] 🚫 Закрытие отменено: steam.exe. Не буду трогать 5 мин.
[2026-07-30 06:01:34] ⏳ Мягкая блокировка: discord.exe — отсчёт 60 с
[2026-07-30 06:01:35] 🔴 Закрыто по кнопке «Закрыть сейчас»: discord.exe
[2026-07-30 06:04:29] ⏳ Мягкая блокировка: steam.exe — отсчёт 60 с
[2026-07-30 06:04:30] 🚫 Закрытие отменено: steam.exe. Не буду трогать 5 мин.
[2026-07-30 06:07:59] ⏳ Мягкая блокировка: steam.exe — отсчёт 60 с
[2026-07-30 06:08:00] 🚫 Закрытие отменено: steam.exe. Не буду трогать 5 мин.
[2026-07-30 06:37:30] ⏳ Мягкая блокировка: steam.exe — отсчёт 60 с
[2026-07-30 06:37:31] 🔴 Закрыто по кнопке «Закрыть сейчас»: steam.exe
[2026-07-30 06:37:32] ⏳ Мягкая блокировка: steam.exe — отсчёт 60 с
[2026-07-30 06:37:33] 🚫 Закрытие отменено: steam.exe. Не буду трогать 5 мин.
[2026-07-30 06:39:33] ⏳ Мягкая блокировка: steam.exe — отсчёт 60 с
[2026-07-30 06:39:34] 🔴 Закрыто по кнопке «Закрыть сейчас»: steam.exe
[2026-07-30 06:39:38] ⏳ Мягкая блокировка: steam.exe — отсчёт 60 с
[2026-07-30 06:39:39] 🚫 Закрытие отменено: steam.exe. Не буду трогать 5 мин.
[2026-09-03 19:08:22] Введите название процесса и нажмите 'Начать'.
[2026-09-03 19:08:23] 🔄 Список процессов обновлён.
[2026-09-03 23:10:06] Введите название процесса и нажмите 'Начать'.
[2026-09-03 23:10:06] 🔄 Список процессов обновлён.
[2026-09-03 23:10:18] ℹ️ Защита включена, но блокировка не активна — AppBlockerGuard не запускается до старта блокировки.
[2026-09-03 23:10:18] ℹ️ Найден статус EXIT — автозапуск блокировок пропущен.
[2026-09-03 23:10:18] 🗓 Окно блокировки по расписанию закончилось.
[2026-09-03 23:11:12] 🧪 Диагностика защиты: 3/9 проверок пройдено
[2026-09-03 23:11:12] ⚠️ Права root
[2026-09-03 23:11:12] ✅ AppBlocker найден
[2026-09-03 23:11:12] ⚠️ AppBlockerGuard найден
[2026-09-03 23:11:12] ✅ config.json доступен
[2026-09-03 23:11:12] ✅ Пароль защищён хешем
[2026-09-03 23:11:12] ⚠️ Автозапуск AppBlocker
[2026-09-03 23:11:12] ⚠️ Автозапуск AppBlockerGuard
[2026-09-03 23:11:12] ⚠️ AppBlockerGuard запущен
[2026-09-03 23:11:12] ⚠️ Доступ к hosts
[2026-09-03 23:11:49] 🧰 Защита от завершения отключена
[2026-09-03 23:11:51] ⚠️ AppBlockerGuard не найден: /mnt/disk240/AppBlocker_Linux/Source/AppBlockerGuard
[2026-09-03 23:11:51] ⚠️ Автозапуск AppBlocker настроен, но AppBlockerGuard не найден или не добавлен
[2026-09-03 23:11:51] 👁️ Мониторинг AppBlockerGuard запущен
[2026-09-03 23:11:51] 🛡 Защита включена пользователем.
[2026-09-03 23:12:23] ✅ pycharm добавлен в список блокировки.
[2026-09-03 23:12:23] 🔄 Список процессов обновлён.
[2026-09-03 23:12:24] ⚠️ AppBlockerGuard не найден: /mnt/disk240/AppBlocker_Linux/Source/AppBlockerGuard
[2026-09-03 23:12:24] ℹ️ Мониторинг программ запущен: AppBlockerGuard активирован, автозапуск настроен.
[2026-09-03 23:12:24] 🔒 Вечная блокировка активирована — переключатели больше нельзя изменить.
[2026-09-03 23:12:24] 🚀 Мониторинг процесса 'pycharm' запущен.
[2026-09-03 23:12:24] ✅ Заблокированные программы не запущены.
[2026-09-03 23:12:24] 🔄 Список процессов обновлён.
[2026-09-03 23:12:28] 🔍 Найдена заблокированная программа. Закрываю...
[2026-09-03 23:12:28] 🔴 Приложение 'pycharm' (PID: 31702) завершено. Правило: pycharm
[2026-09-03 23:12:30] ✅ Заблокированные программы не запущены.
[2026-09-03 23:12:36] 🔍 Найдена заблокированная программа. Закрываю...
[2026-09-03 23:12:36] 🔴 Приложение 'pycharm' (PID: 31804) завершено. Правило: pycharm
[2026-09-03 23:12:38] ✅ Заблокированные программы не запущены.
[2026-09-03 23:12:42] 🔄 Process list refreshed.
[2026-09-03 23:12:44] 🔄 Список процессов обновлён.
[2026-09-03 23:12:49] 🚪 Начинаем процедуру выхода...
[2026-09-03 23:12:49] 🛑 Останавливаем фоновые потоки...
[2026-09-03 23:12:50] ✅ Потоки остановлены
[2026-09-03 23:12:50] ℹ️ Список заблокированных сайтов пуст
[2026-09-03 23:12:50] 📝 EXIT записан в config.json
[2026-09-03 23:12:50] 🧨 Завершаем AppBlockerGuard...
[2026-09-03 23:12:51] 🧹 config.json сохранён, чтобы не терять настройки защиты
[2026-09-03 23:12:51] 🧹 config.exit.lock удалён
[2026-09-03 23:12:51] 🧹 Удаляем из автозагрузки...
[2026-09-03 23:12:51] ✅ Автозагрузка очищена
[2026-09-03 23:12:51] 👋 Завершение работы...
[2026-09-03 23:12:52] 📌 Окно скрыто в трей.
[2026-09-03 23:20:47] ✅ Автозапуск настроен для AppBlocker и AppBlockerGuard
[2026-09-03 23:21:08] Введите название процесса и нажмите 'Начать'.
[2026-09-03 23:21:08] 🔄 Список процессов обновлён.
